// Jest Snapshot v1, https://goo.gl/fbAQLP

exports[`store is set up correctly 1`] = `
Object {
  "list": Array [],
}
`;
