// Jest Snapshot v1, https://goo.gl/fbAQLP

exports[`App should render 1`] = `
<div
  id="app"
>
  <div
    class="conatiner"
  >
    <div
      class="header"
    >
      <img
        src="./assets/logo.svg"
      />
       
      <h1>
        Shopping List
      </h1>
    </div>
     
    <item-input-stub />
     
    <list-stub
      class="list"
    />
  </div>
</div>
`;
