// Jest Snapshot v1, https://goo.gl/fbAQLP

exports[`ItemInput renders 1`] = `
<div>
  <input
    class="item-input"
    placeholder="add to list"
  />
</div>
`;
